Archive member included to satisfy reference by file (symbol)

/usr/local/Cellar/avr-gcc@9/9.3.0_2/lib/avr-gcc/9/gcc/avr/9.3.0/avr4/libgcc.a(_exit.o)
                              /usr/local/Cellar/avr-gcc@9/9.3.0_2/lib/avr-gcc/9/gcc/avr/9.3.0/../../../../../../avr/lib/avr4/crtatmega8a.o (exit)
/usr/local/Cellar/avr-gcc@9/9.3.0_2/lib/avr-gcc/9/gcc/avr/9.3.0/avr4/libgcc.a(_copy_data.o)
                              usbdrv/usbdrv.o (__do_copy_data)
/usr/local/Cellar/avr-gcc@9/9.3.0_2/lib/avr-gcc/9/gcc/avr/9.3.0/avr4/libgcc.a(_clear_bss.o)
                              usbdrv/usbdrv.o (__do_clear_bss)
/usr/local/Cellar/avr-gcc@9/9.3.0_2/lib/avr-gcc/9/gcc/avr/9.3.0/../../../../../../avr/lib/avr4/libc.a(memcmp.o)
                              monster.o (memcmp)

Allocating common symbols
Common symbol       size              file

usbTxBuf            0xb               usbdrv/usbdrv.o
usbTxBuf1           0xb               usbdrv/usbdrv.o
usbDeviceAddr       0x1               usbdrv/usbdrv.o
usbRxToken          0x1               usbdrv/usbdrv.o
usbInputBufOffset   0x1               usbdrv/usbdrv.o
usbMsgPtr           0x2               usbdrv/usbdrv.o
usbRxLen            0x1               usbdrv/usbdrv.o
usbNewDeviceAddr    0x1               usbdrv/usbdrv.o
usbCurrentTok       0x1               usbdrv/usbdrv.o
usbConfiguration    0x1               usbdrv/usbdrv.o
usbRxBuf            0x16              usbdrv/usbdrv.o

Memory Configuration

Name             Origin             Length             Attributes
text             0x0000000000000000 0x0000000000002000 xr
data             0x0000000000800060 0x000000000000ffa0 rw !x
eeprom           0x0000000000810000 0x0000000000010000 rw !x
fuse             0x0000000000820000 0x0000000000000400 rw !x
lock             0x0000000000830000 0x0000000000000400 rw !x
signature        0x0000000000840000 0x0000000000000400 rw !x
user_signatures  0x0000000000850000 0x0000000000000400 rw !x
*default*        0x0000000000000000 0xffffffffffffffff

Linker script and memory map

LOAD /usr/local/Cellar/avr-gcc@9/9.3.0_2/lib/avr-gcc/9/gcc/avr/9.3.0/../../../../../../avr/lib/avr4/crtatmega8a.o
LOAD usbdrv/usbdrv.o
LOAD usbdrv/usbdrvasm.o
LOAD usbdrv/oddebug.o
LOAD main.o
LOAD monster.o
LOAD devdesc.o
START GROUP
LOAD /usr/local/Cellar/avr-gcc@9/9.3.0_2/lib/avr-gcc/9/gcc/avr/9.3.0/avr4/libgcc.a
LOAD /usr/local/Cellar/avr-gcc@9/9.3.0_2/lib/avr-gcc/9/gcc/avr/9.3.0/../../../../../../avr/lib/avr4/libm.a
LOAD /usr/local/Cellar/avr-gcc@9/9.3.0_2/lib/avr-gcc/9/gcc/avr/9.3.0/../../../../../../avr/lib/avr4/libc.a
LOAD /usr/local/Cellar/avr-gcc@9/9.3.0_2/lib/avr-gcc/9/gcc/avr/9.3.0/../../../../../../avr/lib/avr4/libatmega8a.a
END GROUP
                0x0000000000002000                __TEXT_REGION_LENGTH__ = DEFINED (__TEXT_REGION_LENGTH__)?__TEXT_REGION_LENGTH__:0x2000
                0x000000000000ffa0                __DATA_REGION_LENGTH__ = DEFINED (__DATA_REGION_LENGTH__)?__DATA_REGION_LENGTH__:0xffa0
                0x0000000000010000                __EEPROM_REGION_LENGTH__ = DEFINED (__EEPROM_REGION_LENGTH__)?__EEPROM_REGION_LENGTH__:0x10000
                0x0000000000000400                __FUSE_REGION_LENGTH__ = DEFINED (__FUSE_REGION_LENGTH__)?__FUSE_REGION_LENGTH__:0x400
                0x0000000000000400                __LOCK_REGION_LENGTH__ = DEFINED (__LOCK_REGION_LENGTH__)?__LOCK_REGION_LENGTH__:0x400
                0x0000000000000400                __SIGNATURE_REGION_LENGTH__ = DEFINED (__SIGNATURE_REGION_LENGTH__)?__SIGNATURE_REGION_LENGTH__:0x400
                0x0000000000000400                __USER_SIGNATURE_REGION_LENGTH__ = DEFINED (__USER_SIGNATURE_REGION_LENGTH__)?__USER_SIGNATURE_REGION_LENGTH__:0x400

.hash
 *(.hash)

.dynsym
 *(.dynsym)

.dynstr
 *(.dynstr)

.gnu.version
 *(.gnu.version)

.gnu.version_d
 *(.gnu.version_d)

.gnu.version_r
 *(.gnu.version_r)

.rel.init
 *(.rel.init)

.rela.init
 *(.rela.init)

.rel.text
 *(.rel.text)
 *(.rel.text.*)
 *(.rel.gnu.linkonce.t*)

.rela.text
 *(.rela.text)
 *(.rela.text.*)
 *(.rela.gnu.linkonce.t*)

.rel.fini
 *(.rel.fini)

.rela.fini
 *(.rela.fini)

.rel.rodata
 *(.rel.rodata)
 *(.rel.rodata.*)
 *(.rel.gnu.linkonce.r*)

.rela.rodata
 *(.rela.rodata)
 *(.rela.rodata.*)
 *(.rela.gnu.linkonce.r*)

.rel.data
 *(.rel.data)
 *(.rel.data.*)
 *(.rel.gnu.linkonce.d*)

.rela.data
 *(.rela.data)
 *(.rela.data.*)
 *(.rela.gnu.linkonce.d*)

.rel.ctors
 *(.rel.ctors)

.rela.ctors
 *(.rela.ctors)

.rel.dtors
 *(.rel.dtors)

.rela.dtors
 *(.rela.dtors)

.rel.got
 *(.rel.got)

.rela.got
 *(.rela.got)

.rel.bss
 *(.rel.bss)

.rela.bss
 *(.rela.bss)

.rel.plt
 *(.rel.plt)

.rela.plt
 *(.rela.plt)

.text           0x0000000000000000      0x9d0
 *(.vectors)
 .vectors       0x0000000000000000       0x26 /usr/local/Cellar/avr-gcc@9/9.3.0_2/lib/avr-gcc/9/gcc/avr/9.3.0/../../../../../../avr/lib/avr4/crtatmega8a.o
                0x0000000000000000                __vectors
                0x0000000000000000                __vector_default
 *(.vectors)
 *(.progmem.gcc*)
                0x0000000000000026                . = ALIGN (0x2)
                0x0000000000000026                __trampolines_start = .
 *(.trampolines)
 .trampolines   0x0000000000000026        0x0 linker stubs
 *(.trampolines*)
                0x0000000000000026                __trampolines_end = .
 *libprintf_flt.a:*(.progmem.data)
 *libc.a:*(.progmem.data)
 *(.progmem.*)
 .progmem.data  0x0000000000000026       0x28 usbdrv/usbdrv.o
                0x0000000000000026                usbDescriptorStringVendor
                0x000000000000004a                usbDescriptorString0
 .progmem.data  0x000000000000004e        0xa main.o
                0x000000000000004e                usbDescriptorStringSerialNumber
 .progmem.data  0x0000000000000058       0x31 monster.o
                0x0000000000000058                usbHidReportDescriptor
 .progmem.data  0x0000000000000089       0x12 devdesc.o
                0x0000000000000089                usbDescrDevice
                0x000000000000009c                . = ALIGN (0x2)
 *fill*         0x000000000000009b        0x1 
 *(.lowtext)
 *(.lowtext*)
                0x000000000000009c                __ctors_start = .
 *(.ctors)
                0x000000000000009c                __ctors_end = .
                0x000000000000009c                __dtors_start = .
 *(.dtors)
                0x000000000000009c                __dtors_end = .
 SORT_BY_NAME(*)(.ctors)
 SORT_BY_NAME(*)(.dtors)
 *(.init0)
 .init0         0x000000000000009c        0x0 /usr/local/Cellar/avr-gcc@9/9.3.0_2/lib/avr-gcc/9/gcc/avr/9.3.0/../../../../../../avr/lib/avr4/crtatmega8a.o
                0x000000000000009c                __init
 *(.init0)
 *(.init1)
 *(.init1)
 *(.init2)
 .init2         0x000000000000009c        0xc /usr/local/Cellar/avr-gcc@9/9.3.0_2/lib/avr-gcc/9/gcc/avr/9.3.0/../../../../../../avr/lib/avr4/crtatmega8a.o
 *(.init2)
 *(.init3)
 *(.init3)
 *(.init4)
 .init4         0x00000000000000a8       0x16 /usr/local/Cellar/avr-gcc@9/9.3.0_2/lib/avr-gcc/9/gcc/avr/9.3.0/avr4/libgcc.a(_copy_data.o)
                0x00000000000000a8                __do_copy_data
 .init4         0x00000000000000be       0x10 /usr/local/Cellar/avr-gcc@9/9.3.0_2/lib/avr-gcc/9/gcc/avr/9.3.0/avr4/libgcc.a(_clear_bss.o)
                0x00000000000000be                __do_clear_bss
 *(.init4)
 *(.init5)
 *(.init5)
 *(.init6)
 *(.init6)
 *(.init7)
 *(.init7)
 *(.init8)
 *(.init8)
 *(.init9)
 .init9         0x00000000000000ce        0x4 /usr/local/Cellar/avr-gcc@9/9.3.0_2/lib/avr-gcc/9/gcc/avr/9.3.0/../../../../../../avr/lib/avr4/crtatmega8a.o
 *(.init9)
 *(.text)
 .text          0x00000000000000d2        0x2 /usr/local/Cellar/avr-gcc@9/9.3.0_2/lib/avr-gcc/9/gcc/avr/9.3.0/../../../../../../avr/lib/avr4/crtatmega8a.o
                0x00000000000000d2                __vector_18
                0x00000000000000d2                __bad_interrupt
                0x00000000000000d2                __vector_6
                0x00000000000000d2                __vector_3
                0x00000000000000d2                __vector_11
                0x00000000000000d2                __vector_13
                0x00000000000000d2                __vector_17
                0x00000000000000d2                __vector_7
                0x00000000000000d2                __vector_5
                0x00000000000000d2                __vector_4
                0x00000000000000d2                __vector_9
                0x00000000000000d2                __vector_2
                0x00000000000000d2                __vector_15
                0x00000000000000d2                __vector_8
                0x00000000000000d2                __vector_14
                0x00000000000000d2                __vector_10
                0x00000000000000d2                __vector_16
                0x00000000000000d2                __vector_12
 .text          0x00000000000000d4      0x26e usbdrv/usbdrv.o
                0x00000000000000d4                usbSetInterrupt
                0x000000000000011a                usbPoll
                0x000000000000032e                usbInit
 .text          0x0000000000000342      0x300 usbdrv/usbdrvasm.o
                0x0000000000000342                usbCrc16
                0x0000000000000374                usbCrc16Append
                0x000000000000037c                __vector_1
 .text          0x0000000000000642        0x0 usbdrv/oddebug.o
 .text          0x0000000000000642       0x98 main.o
                0x0000000000000642                usbFunctionDescriptor
                0x000000000000069e                usbFunctionSetup
 .text          0x00000000000006da      0x146 monster.o
                0x000000000000080e                getJoystick
 .text          0x0000000000000820        0x6 devdesc.o
                0x0000000000000820                getUsbDescrDevice_size
 .text          0x0000000000000826        0x0 /usr/local/Cellar/avr-gcc@9/9.3.0_2/lib/avr-gcc/9/gcc/avr/9.3.0/avr4/libgcc.a(_exit.o)
 .text          0x0000000000000826        0x0 /usr/local/Cellar/avr-gcc@9/9.3.0_2/lib/avr-gcc/9/gcc/avr/9.3.0/avr4/libgcc.a(_copy_data.o)
 .text          0x0000000000000826        0x0 /usr/local/Cellar/avr-gcc@9/9.3.0_2/lib/avr-gcc/9/gcc/avr/9.3.0/avr4/libgcc.a(_clear_bss.o)
 .text          0x0000000000000826        0x0 /usr/local/Cellar/avr-gcc@9/9.3.0_2/lib/avr-gcc/9/gcc/avr/9.3.0/../../../../../../avr/lib/avr4/libc.a(memcmp.o)
                0x0000000000000826                . = ALIGN (0x2)
 *(.text.*)
 .text.startup  0x0000000000000826      0x18c main.o
                0x0000000000000826                main
 .text.libgcc.mul
                0x00000000000009b2        0x0 /usr/local/Cellar/avr-gcc@9/9.3.0_2/lib/avr-gcc/9/gcc/avr/9.3.0/avr4/libgcc.a(_exit.o)
 .text.libgcc.div
                0x00000000000009b2        0x0 /usr/local/Cellar/avr-gcc@9/9.3.0_2/lib/avr-gcc/9/gcc/avr/9.3.0/avr4/libgcc.a(_exit.o)
 .text.libgcc   0x00000000000009b2        0x0 /usr/local/Cellar/avr-gcc@9/9.3.0_2/lib/avr-gcc/9/gcc/avr/9.3.0/avr4/libgcc.a(_exit.o)
 .text.libgcc.prologue
                0x00000000000009b2        0x0 /usr/local/Cellar/avr-gcc@9/9.3.0_2/lib/avr-gcc/9/gcc/avr/9.3.0/avr4/libgcc.a(_exit.o)
 .text.libgcc.builtins
                0x00000000000009b2        0x0 /usr/local/Cellar/avr-gcc@9/9.3.0_2/lib/avr-gcc/9/gcc/avr/9.3.0/avr4/libgcc.a(_exit.o)
 .text.libgcc.fmul
                0x00000000000009b2        0x0 /usr/local/Cellar/avr-gcc@9/9.3.0_2/lib/avr-gcc/9/gcc/avr/9.3.0/avr4/libgcc.a(_exit.o)
 .text.libgcc.fixed
                0x00000000000009b2        0x0 /usr/local/Cellar/avr-gcc@9/9.3.0_2/lib/avr-gcc/9/gcc/avr/9.3.0/avr4/libgcc.a(_exit.o)
 .text.libgcc.mul
                0x00000000000009b2        0x0 /usr/local/Cellar/avr-gcc@9/9.3.0_2/lib/avr-gcc/9/gcc/avr/9.3.0/avr4/libgcc.a(_copy_data.o)
 .text.libgcc.div
                0x00000000000009b2        0x0 /usr/local/Cellar/avr-gcc@9/9.3.0_2/lib/avr-gcc/9/gcc/avr/9.3.0/avr4/libgcc.a(_copy_data.o)
 .text.libgcc   0x00000000000009b2        0x0 /usr/local/Cellar/avr-gcc@9/9.3.0_2/lib/avr-gcc/9/gcc/avr/9.3.0/avr4/libgcc.a(_copy_data.o)
 .text.libgcc.prologue
                0x00000000000009b2        0x0 /usr/local/Cellar/avr-gcc@9/9.3.0_2/lib/avr-gcc/9/gcc/avr/9.3.0/avr4/libgcc.a(_copy_data.o)
 .text.libgcc.builtins
                0x00000000000009b2        0x0 /usr/local/Cellar/avr-gcc@9/9.3.0_2/lib/avr-gcc/9/gcc/avr/9.3.0/avr4/libgcc.a(_copy_data.o)
 .text.libgcc.fmul
                0x00000000000009b2        0x0 /usr/local/Cellar/avr-gcc@9/9.3.0_2/lib/avr-gcc/9/gcc/avr/9.3.0/avr4/libgcc.a(_copy_data.o)
 .text.libgcc.fixed
                0x00000000000009b2        0x0 /usr/local/Cellar/avr-gcc@9/9.3.0_2/lib/avr-gcc/9/gcc/avr/9.3.0/avr4/libgcc.a(_copy_data.o)
 .text.libgcc.mul
                0x00000000000009b2        0x0 /usr/local/Cellar/avr-gcc@9/9.3.0_2/lib/avr-gcc/9/gcc/avr/9.3.0/avr4/libgcc.a(_clear_bss.o)
 .text.libgcc.div
                0x00000000000009b2        0x0 /usr/local/Cellar/avr-gcc@9/9.3.0_2/lib/avr-gcc/9/gcc/avr/9.3.0/avr4/libgcc.a(_clear_bss.o)
 .text.libgcc   0x00000000000009b2        0x0 /usr/local/Cellar/avr-gcc@9/9.3.0_2/lib/avr-gcc/9/gcc/avr/9.3.0/avr4/libgcc.a(_clear_bss.o)
 .text.libgcc.prologue
                0x00000000000009b2        0x0 /usr/local/Cellar/avr-gcc@9/9.3.0_2/lib/avr-gcc/9/gcc/avr/9.3.0/avr4/libgcc.a(_clear_bss.o)
 .text.libgcc.builtins
                0x00000000000009b2        0x0 /usr/local/Cellar/avr-gcc@9/9.3.0_2/lib/avr-gcc/9/gcc/avr/9.3.0/avr4/libgcc.a(_clear_bss.o)
 .text.libgcc.fmul
                0x00000000000009b2        0x0 /usr/local/Cellar/avr-gcc@9/9.3.0_2/lib/avr-gcc/9/gcc/avr/9.3.0/avr4/libgcc.a(_clear_bss.o)
 .text.libgcc.fixed
                0x00000000000009b2        0x0 /usr/local/Cellar/avr-gcc@9/9.3.0_2/lib/avr-gcc/9/gcc/avr/9.3.0/avr4/libgcc.a(_clear_bss.o)
 .text.avr-libc
                0x00000000000009b2       0x1a /usr/local/Cellar/avr-gcc@9/9.3.0_2/lib/avr-gcc/9/gcc/avr/9.3.0/../../../../../../avr/lib/avr4/libc.a(memcmp.o)
                0x00000000000009b2                memcmp
                0x00000000000009cc                . = ALIGN (0x2)
 *(.fini9)
 .fini9         0x00000000000009cc        0x0 /usr/local/Cellar/avr-gcc@9/9.3.0_2/lib/avr-gcc/9/gcc/avr/9.3.0/avr4/libgcc.a(_exit.o)
                0x00000000000009cc                exit
                0x00000000000009cc                _exit
 *(.fini9)
 *(.fini8)
 *(.fini8)
 *(.fini7)
 *(.fini7)
 *(.fini6)
 *(.fini6)
 *(.fini5)
 *(.fini5)
 *(.fini4)
 *(.fini4)
 *(.fini3)
 *(.fini3)
 *(.fini2)
 *(.fini2)
 *(.fini1)
 *(.fini1)
 *(.fini0)
 .fini0         0x00000000000009cc        0x4 /usr/local/Cellar/avr-gcc@9/9.3.0_2/lib/avr-gcc/9/gcc/avr/9.3.0/avr4/libgcc.a(_exit.o)
 *(.fini0)
 *(.hightext)
 *(.hightext*)
 *(.progmemx.*)
                0x00000000000009d0                . = ALIGN (0x2)
 *(.jumptables)
 *(.jumptables*)
                0x00000000000009d0                _etext = .

.data           0x0000000000800060       0x44 load address 0x00000000000009d0
                0x0000000000800060                PROVIDE (__data_start = .)
 *(.data)
 .data          0x0000000000800060        0x0 /usr/local/Cellar/avr-gcc@9/9.3.0_2/lib/avr-gcc/9/gcc/avr/9.3.0/../../../../../../avr/lib/avr4/crtatmega8a.o
 .data          0x0000000000800060        0x3 usbdrv/usbdrv.o
                0x0000000000800060                usbTxLen1
                0x0000000000800061                usbTxLen
                0x0000000000800062                usbMsgLen
 .data          0x0000000000800063        0x0 usbdrv/usbdrvasm.o
 .data          0x0000000000800063        0x0 usbdrv/oddebug.o
 .data          0x0000000000800063       0x30 main.o
                0x0000000000800063                my_usbDescriptorConfiguration
                0x0000000000800085                usbDescriptorStringDevice
 .data          0x0000000000800093       0x11 monster.o
                0x0000000000800093                joystick
 .data          0x00000000008000a4        0x0 devdesc.o
 .data          0x00000000008000a4        0x0 /usr/local/Cellar/avr-gcc@9/9.3.0_2/lib/avr-gcc/9/gcc/avr/9.3.0/avr4/libgcc.a(_exit.o)
 .data          0x00000000008000a4        0x0 /usr/local/Cellar/avr-gcc@9/9.3.0_2/lib/avr-gcc/9/gcc/avr/9.3.0/avr4/libgcc.a(_copy_data.o)
 .data          0x00000000008000a4        0x0 /usr/local/Cellar/avr-gcc@9/9.3.0_2/lib/avr-gcc/9/gcc/avr/9.3.0/avr4/libgcc.a(_clear_bss.o)
 .data          0x00000000008000a4        0x0 /usr/local/Cellar/avr-gcc@9/9.3.0_2/lib/avr-gcc/9/gcc/avr/9.3.0/../../../../../../avr/lib/avr4/libc.a(memcmp.o)
 *(.data*)
 *(.gnu.linkonce.d*)
 *(.rodata)
 *(.rodata*)
 *(.gnu.linkonce.r*)
                0x00000000008000a4                . = ALIGN (0x2)
                0x00000000008000a4                _edata = .
                0x00000000008000a4                PROVIDE (__data_end = .)

.bss            0x00000000008000a4       0x51
                0x00000000008000a4                PROVIDE (__bss_start = .)
 *(.bss)
 .bss           0x00000000008000a4        0x0 /usr/local/Cellar/avr-gcc@9/9.3.0_2/lib/avr-gcc/9/gcc/avr/9.3.0/../../../../../../avr/lib/avr4/crtatmega8a.o
 .bss           0x00000000008000a4        0x1 usbdrv/usbdrv.o
 .bss           0x00000000008000a5        0x0 usbdrv/usbdrvasm.o
 .bss           0x00000000008000a5        0x0 usbdrv/oddebug.o
 .bss           0x00000000008000a5       0x15 main.o
                0x00000000008000a5                usbDescriptorConfiguration
 .bss           0x00000000008000ba        0x6 monster.o
 .bss           0x00000000008000c0        0x0 devdesc.o
 .bss           0x00000000008000c0        0x0 /usr/local/Cellar/avr-gcc@9/9.3.0_2/lib/avr-gcc/9/gcc/avr/9.3.0/avr4/libgcc.a(_exit.o)
 .bss           0x00000000008000c0        0x0 /usr/local/Cellar/avr-gcc@9/9.3.0_2/lib/avr-gcc/9/gcc/avr/9.3.0/avr4/libgcc.a(_copy_data.o)
 .bss           0x00000000008000c0        0x0 /usr/local/Cellar/avr-gcc@9/9.3.0_2/lib/avr-gcc/9/gcc/avr/9.3.0/avr4/libgcc.a(_clear_bss.o)
 .bss           0x00000000008000c0        0x0 /usr/local/Cellar/avr-gcc@9/9.3.0_2/lib/avr-gcc/9/gcc/avr/9.3.0/../../../../../../avr/lib/avr4/libc.a(memcmp.o)
 *(.bss*)
 *(COMMON)
 COMMON         0x00000000008000c0       0x35 usbdrv/usbdrv.o
                0x00000000008000c0                usbTxBuf
                0x00000000008000cb                usbTxBuf1
                0x00000000008000d6                usbDeviceAddr
                0x00000000008000d7                usbRxToken
                0x00000000008000d8                usbInputBufOffset
                0x00000000008000d9                usbMsgPtr
                0x00000000008000db                usbRxLen
                0x00000000008000dc                usbNewDeviceAddr
                0x00000000008000dd                usbCurrentTok
                0x00000000008000de                usbConfiguration
                0x00000000008000df                usbRxBuf
                0x00000000008000f5                PROVIDE (__bss_end = .)
                0x00000000000009d0                __data_load_start = LOADADDR (.data)
                0x0000000000000a14                __data_load_end = (__data_load_start + SIZEOF (.data))

.noinit         0x00000000008000f5        0x0
                [!provide]                        PROVIDE (__noinit_start = .)
 *(.noinit*)
                [!provide]                        PROVIDE (__noinit_end = .)
                0x00000000008000f5                _end = .
                [!provide]                        PROVIDE (__heap_start = .)

.eeprom         0x0000000000810000        0x0
 *(.eeprom*)
                0x0000000000810000                __eeprom_end = .

.fuse
 *(.fuse)
 *(.lfuse)
 *(.hfuse)
 *(.efuse)

.lock
 *(.lock*)

.signature
 *(.signature*)

.stab
 *(.stab)

.stabstr
 *(.stabstr)

.stab.excl
 *(.stab.excl)

.stab.exclstr
 *(.stab.exclstr)

.stab.index
 *(.stab.index)

.stab.indexstr
 *(.stab.indexstr)

.comment        0x0000000000000000       0x26
 *(.comment)
 .comment       0x0000000000000000       0x26 usbdrv/usbdrv.o
                                         0x27 (size before relaxing)
 .comment       0x0000000000000026       0x27 usbdrv/oddebug.o
 .comment       0x0000000000000026       0x27 main.o
 .comment       0x0000000000000026       0x27 monster.o
 .comment       0x0000000000000026       0x27 devdesc.o

.note.gnu.avr.deviceinfo
                0x0000000000000000       0x3c
 .note.gnu.avr.deviceinfo
                0x0000000000000000       0x3c /usr/local/Cellar/avr-gcc@9/9.3.0_2/lib/avr-gcc/9/gcc/avr/9.3.0/../../../../../../avr/lib/avr4/crtatmega8a.o

.note.gnu.build-id
 *(.note.gnu.build-id)

.debug
 *(.debug)

.line
 *(.line)

.debug_srcinfo
 *(.debug_srcinfo)

.debug_sfnames
 *(.debug_sfnames)

.debug_aranges  0x0000000000000000       0x60
 *(.debug_aranges)
 .debug_aranges
                0x0000000000000000       0x20 /usr/local/Cellar/avr-gcc@9/9.3.0_2/lib/avr-gcc/9/gcc/avr/9.3.0/avr4/libgcc.a(_exit.o)
 .debug_aranges
                0x0000000000000020       0x20 /usr/local/Cellar/avr-gcc@9/9.3.0_2/lib/avr-gcc/9/gcc/avr/9.3.0/avr4/libgcc.a(_copy_data.o)
 .debug_aranges
                0x0000000000000040       0x20 /usr/local/Cellar/avr-gcc@9/9.3.0_2/lib/avr-gcc/9/gcc/avr/9.3.0/avr4/libgcc.a(_clear_bss.o)

.debug_pubnames
 *(.debug_pubnames)

.debug_info     0x0000000000000000      0x4fe
 *(.debug_info .gnu.linkonce.wi.*)
 .debug_info    0x0000000000000000      0x48c /usr/local/Cellar/avr-gcc@9/9.3.0_2/lib/avr-gcc/9/gcc/avr/9.3.0/../../../../../../avr/lib/avr4/crtatmega8a.o
 .debug_info    0x000000000000048c       0x26 /usr/local/Cellar/avr-gcc@9/9.3.0_2/lib/avr-gcc/9/gcc/avr/9.3.0/avr4/libgcc.a(_exit.o)
 .debug_info    0x00000000000004b2       0x26 /usr/local/Cellar/avr-gcc@9/9.3.0_2/lib/avr-gcc/9/gcc/avr/9.3.0/avr4/libgcc.a(_copy_data.o)
 .debug_info    0x00000000000004d8       0x26 /usr/local/Cellar/avr-gcc@9/9.3.0_2/lib/avr-gcc/9/gcc/avr/9.3.0/avr4/libgcc.a(_clear_bss.o)

.debug_abbrev   0x0000000000000000      0x48a
 *(.debug_abbrev)
 .debug_abbrev  0x0000000000000000      0x44e /usr/local/Cellar/avr-gcc@9/9.3.0_2/lib/avr-gcc/9/gcc/avr/9.3.0/../../../../../../avr/lib/avr4/crtatmega8a.o
 .debug_abbrev  0x000000000000044e       0x14 /usr/local/Cellar/avr-gcc@9/9.3.0_2/lib/avr-gcc/9/gcc/avr/9.3.0/avr4/libgcc.a(_exit.o)
 .debug_abbrev  0x0000000000000462       0x14 /usr/local/Cellar/avr-gcc@9/9.3.0_2/lib/avr-gcc/9/gcc/avr/9.3.0/avr4/libgcc.a(_copy_data.o)
 .debug_abbrev  0x0000000000000476       0x14 /usr/local/Cellar/avr-gcc@9/9.3.0_2/lib/avr-gcc/9/gcc/avr/9.3.0/avr4/libgcc.a(_clear_bss.o)

.debug_line     0x0000000000000000      0x19a
 *(.debug_line .debug_line.* .debug_line_end)
 .debug_line    0x0000000000000000       0x1d /usr/local/Cellar/avr-gcc@9/9.3.0_2/lib/avr-gcc/9/gcc/avr/9.3.0/../../../../../../avr/lib/avr4/crtatmega8a.o
 .debug_line    0x000000000000001d       0x61 /usr/local/Cellar/avr-gcc@9/9.3.0_2/lib/avr-gcc/9/gcc/avr/9.3.0/avr4/libgcc.a(_exit.o)
 .debug_line    0x000000000000007e       0x97 /usr/local/Cellar/avr-gcc@9/9.3.0_2/lib/avr-gcc/9/gcc/avr/9.3.0/avr4/libgcc.a(_copy_data.o)
 .debug_line    0x0000000000000115       0x85 /usr/local/Cellar/avr-gcc@9/9.3.0_2/lib/avr-gcc/9/gcc/avr/9.3.0/avr4/libgcc.a(_clear_bss.o)

.debug_frame
 *(.debug_frame)

.debug_str      0x0000000000000000      0x1fe
 *(.debug_str)
 .debug_str     0x0000000000000000      0x17a /usr/local/Cellar/avr-gcc@9/9.3.0_2/lib/avr-gcc/9/gcc/avr/9.3.0/../../../../../../avr/lib/avr4/crtatmega8a.o
 .debug_str     0x000000000000017a       0x84 /usr/local/Cellar/avr-gcc@9/9.3.0_2/lib/avr-gcc/9/gcc/avr/9.3.0/avr4/libgcc.a(_exit.o)
 .debug_str     0x00000000000001fe       0x84 /usr/local/Cellar/avr-gcc@9/9.3.0_2/lib/avr-gcc/9/gcc/avr/9.3.0/avr4/libgcc.a(_copy_data.o)
 .debug_str     0x00000000000001fe       0x84 /usr/local/Cellar/avr-gcc@9/9.3.0_2/lib/avr-gcc/9/gcc/avr/9.3.0/avr4/libgcc.a(_clear_bss.o)

.debug_loc
 *(.debug_loc)

.debug_macinfo
 *(.debug_macinfo)

.debug_weaknames
 *(.debug_weaknames)

.debug_funcnames
 *(.debug_funcnames)

.debug_typenames
 *(.debug_typenames)

.debug_varnames
 *(.debug_varnames)

.debug_pubtypes
 *(.debug_pubtypes)

.debug_ranges
 *(.debug_ranges)

.debug_macro
 *(.debug_macro)

.debug_addr
 *(.debug_addr)
OUTPUT(bin/MJ2USB.elf elf32-avr)
LOAD linker stubs
